[     471ms] [LOG] [Fast Refresh] rebuilding @ webpack-internal:///(app-pages-browser)/./node_modules/next/dist/client/components/react-dev-overlay/app/hot-reloader-client.js:186
[    1195ms] [LOG] [Fast Refresh] done in 725ms @ webpack-internal:///(app-pages-browser)/./node_modules/next/dist/client/components/react-dev-overlay/app/hot-reloader-client.js:43
[    1323ms] [LOG] %c[Vercel Speed Insights]%c [vitals] color: rgb(120, 120, 120) color: inherit {speed: 4g, metrics: Array(3), scriptVersion: 0.1.3, sdkName: @vercel/speed-insights/next, sdkVersion: 2.0.0} /_vercel/speed-insights/vitals @ https://va.vercel-scripts.com/v1/speed-insights/script.debug.js:0
[    1326ms] [LOG] %c[Vercel Speed Insights]%c [vitals] color: rgb(120, 120, 120) color: inherit {speed: 4g, metrics: Array(1), scriptVersion: 0.1.3, sdkName: @vercel/speed-insights/next, sdkVersion: 2.0.0} /_vercel/speed-insights/vitals @ https://va.vercel-scripts.com/v1/speed-insights/script.debug.js:0
[    1327ms] [ERROR] Failed to load resource: the server responded with a status of 500 (Internal Server Error) @ http://localhost:3000/ArtemSvergun:0
[    1539ms] [INFO] %cDownload the React DevTools for a better development experience: https://reactjs.org/link/react-devtools font-weight:bold @ webpack-internal:///(app-pages-browser)/./node_modules/next/dist/compiled/react-dom/cjs/react-dom.development.js:38559
[    1587ms] Error: (0 , _contexts_LanguageContext__WEBPACK_IMPORTED_MODULE_3__.useLanguage) is not a function
    at eval (webpack-internal:///(rsc)/./src/sections/_shared/Footer/index.tsx:62:92)
    at eC (/Users/bohdanleontovich/Documents/GitHub/protez/node_modules/next/dist/compiled/next-server/app-page.runtime.dev.js:35:265189)
    at e (/Users/bohdanleontovich/Documents/GitHub/protez/node_modules/next/dist/compiled/next-server/app-page.runtime.dev.js:35:269696)
    at eL (/Users/bohdanleontovich/Documents/GitHub/protez/node_modules/next/dist/compiled/next-server/app-page.runtime.dev.js:35:269809)
    at eJ (/Users/bohdanleontovich/Documents/GitHub/protez/node_modules/next/dist/compiled/next-server/app-page.runtime.dev.js:35:275773)
    at eR (/Users/bohdanleontovich/Documents/GitHub/protez/node_modules/next/dist/compiled/next-server/app-page.runtime.dev.js:35:266017)
    at eC (/Users/bohdanleontovich/Documents/GitHub/protez/node_modules/next/dist/compiled/next-server/app-page.runtime.dev.js:35:265059)
    at e (/Users/bohdanleontovich/Documents/GitHub/protez/node_modules/next/dist/compiled/next-server/app-page.runtime.dev.js:35:269696)
    at eL (/Users/bohdanleontovich/Documents/GitHub/protez/node_modules/next/dist/compiled/next-server/app-page.runtime.dev.js:35:269809)
    at /Users/bohdanleontovich/Documents/GitHub/protez/node_modules/next/dist/compiled/next-server/app-page.runtime.dev.js:35:267040
    at Array.toJSON (/Users/bohdanleontovich/Documents/GitHub/protez/node_modules/next/dist/compiled/next-server/app-page.runtime.dev.js:35:267504)
    at stringify (<anonymous>)
    at eJ (/Users/bohdanleontovich/Documents/GitHub/protez/node_modules/next/dist/compiled/next-server/app-page.runtime.dev.js:35:275872)
    at eR (/Users/bohdanleontovich/Documents/GitHub/protez/node_modules/next/dist/compiled/next-server/app-page.runtime.dev.js:35:266017)
    at eC (/Users/bohdanleontovich/Documents/GitHub/protez/node_modules/next/dist/compiled/next-server/app-page.runtime.dev.js:35:265059)
    at e (/Users/bohdanleontovich/Documents/GitHub/protez/node_modules/next/dist/compiled/next-server/app-page.runtime.dev.js:35:269321)
    at eL (/Users/bohdanleontovich/Documents/GitHub/protez/node_modules/next/dist/compiled/next-server/app-page.runtime.dev.js:35:269809)
    at /Users/bohdanleontovich/Documents/GitHub/protez/node_modules/next/dist/compiled/next-server/app-page.runtime.dev.js:35:267040
    at Array.toJSON (/Users/bohdanleontovich/Documents/GitHub/protez/node_modules/next/dist/compiled/next-server/app-page.runtime.dev.js:35:267504)
    at stringify (<anonymous>)
    at eJ (/Users/bohdanleontovich/Documents/GitHub/protez/node_modules/next/dist/compiled/next-server/app-page.runtime.dev.js:35:275872)
    at eV (/Users/bohdanleontovich/Documents/GitHub/protez/node_modules/next/dist/compiled/next-server/app-page.runtime.dev.js:35:276390)
    at Timeout._onTimeout (/Users/bohdanleontovich/Documents/GitHub/protez/node_modules/next/dist/compiled/next-server/app-page.runtime.dev.js:35:266177)
    at listOnTimeout (node:internal/timers:585:17)
    at process.processTimers (node:internal/timers:521:7)
[    1590ms] Error: (0 , _contexts_LanguageContext__WEBPACK_IMPORTED_MODULE_3__.useLanguage) is not a function
    at eval (webpack-internal:///(rsc)/./src/sections/_shared/Footer/index.tsx:62:92)
    at eC (/Users/bohdanleontovich/Documents/GitHub/protez/node_modules/next/dist/compiled/next-server/app-page.runtime.dev.js:35:265189)
    at e (/Users/bohdanleontovich/Documents/GitHub/protez/node_modules/next/dist/compiled/next-server/app-page.runtime.dev.js:35:269696)
    at eL (/Users/bohdanleontovich/Documents/GitHub/protez/node_modules/next/dist/compiled/next-server/app-page.runtime.dev.js:35:269809)
    at eJ (/Users/bohdanleontovich/Documents/GitHub/protez/node_modules/next/dist/compiled/next-server/app-page.runtime.dev.js:35:275773)
    at eR (/Users/bohdanleontovich/Documents/GitHub/protez/node_modules/next/dist/compiled/next-server/app-page.runtime.dev.js:35:266017)
    at eC (/Users/bohdanleontovich/Documents/GitHub/protez/node_modules/next/dist/compiled/next-server/app-page.runtime.dev.js:35:265059)
    at e (/Users/bohdanleontovich/Documents/GitHub/protez/node_modules/next/dist/compiled/next-server/app-page.runtime.dev.js:35:269696)
    at eL (/Users/bohdanleontovich/Documents/GitHub/protez/node_modules/next/dist/compiled/next-server/app-page.runtime.dev.js:35:269809)
    at /Users/bohdanleontovich/Documents/GitHub/protez/node_modules/next/dist/compiled/next-server/app-page.runtime.dev.js:35:267040
    at Array.toJSON (/Users/bohdanleontovich/Documents/GitHub/protez/node_modules/next/dist/compiled/next-server/app-page.runtime.dev.js:35:267504)
    at stringify (<anonymous>)
    at eJ (/Users/bohdanleontovich/Documents/GitHub/protez/node_modules/next/dist/compiled/next-server/app-page.runtime.dev.js:35:275872)
    at eR (/Users/bohdanleontovich/Documents/GitHub/protez/node_modules/next/dist/compiled/next-server/app-page.runtime.dev.js:35:266017)
    at eC (/Users/bohdanleontovich/Documents/GitHub/protez/node_modules/next/dist/compiled/next-server/app-page.runtime.dev.js:35:265059)
    at e (/Users/bohdanleontovich/Documents/GitHub/protez/node_modules/next/dist/compiled/next-server/app-page.runtime.dev.js:35:269321)
    at eL (/Users/bohdanleontovich/Documents/GitHub/protez/node_modules/next/dist/compiled/next-server/app-page.runtime.dev.js:35:269809)
    at /Users/bohdanleontovich/Documents/GitHub/protez/node_modules/next/dist/compiled/next-server/app-page.runtime.dev.js:35:267040
    at Array.toJSON (/Users/bohdanleontovich/Documents/GitHub/protez/node_modules/next/dist/compiled/next-server/app-page.runtime.dev.js:35:267504)
    at stringify (<anonymous>)
    at eJ (/Users/bohdanleontovich/Documents/GitHub/protez/node_modules/next/dist/compiled/next-server/app-page.runtime.dev.js:35:275872)
    at eV (/Users/bohdanleontovich/Documents/GitHub/protez/node_modules/next/dist/compiled/next-server/app-page.runtime.dev.js:35:276390)
    at Timeout._onTimeout (/Users/bohdanleontovich/Documents/GitHub/protez/node_modules/next/dist/compiled/next-server/app-page.runtime.dev.js:35:266177)
    at listOnTimeout (node:internal/timers:585:17)
    at process.processTimers (node:internal/timers:521:7)
[    1590ms] Error: (0 , _contexts_LanguageContext__WEBPACK_IMPORTED_MODULE_3__.useLanguage) is not a function
    at eval (webpack-internal:///(rsc)/./src/sections/_shared/Footer/index.tsx:62:92)
    at eC (/Users/bohdanleontovich/Documents/GitHub/protez/node_modules/next/dist/compiled/next-server/app-page.runtime.dev.js:35:265189)
    at e (/Users/bohdanleontovich/Documents/GitHub/protez/node_modules/next/dist/compiled/next-server/app-page.runtime.dev.js:35:269696)
    at eL (/Users/bohdanleontovich/Documents/GitHub/protez/node_modules/next/dist/compiled/next-server/app-page.runtime.dev.js:35:269809)
    at eJ (/Users/bohdanleontovich/Documents/GitHub/protez/node_modules/next/dist/compiled/next-server/app-page.runtime.dev.js:35:275773)
    at eR (/Users/bohdanleontovich/Documents/GitHub/protez/node_modules/next/dist/compiled/next-server/app-page.runtime.dev.js:35:266017)
    at eC (/Users/bohdanleontovich/Documents/GitHub/protez/node_modules/next/dist/compiled/next-server/app-page.runtime.dev.js:35:265059)
    at e (/Users/bohdanleontovich/Documents/GitHub/protez/node_modules/next/dist/compiled/next-server/app-page.runtime.dev.js:35:269696)
    at eL (/Users/bohdanleontovich/Documents/GitHub/protez/node_modules/next/dist/compiled/next-server/app-page.runtime.dev.js:35:269809)
    at /Users/bohdanleontovich/Documents/GitHub/protez/node_modules/next/dist/compiled/next-server/app-page.runtime.dev.js:35:267040
    at Array.toJSON (/Users/bohdanleontovich/Documents/GitHub/protez/node_modules/next/dist/compiled/next-server/app-page.runtime.dev.js:35:267504)
    at stringify (<anonymous>)
    at eJ (/Users/bohdanleontovich/Documents/GitHub/protez/node_modules/next/dist/compiled/next-server/app-page.runtime.dev.js:35:275872)
    at eR (/Users/bohdanleontovich/Documents/GitHub/protez/node_modules/next/dist/compiled/next-server/app-page.runtime.dev.js:35:266017)
    at eC (/Users/bohdanleontovich/Documents/GitHub/protez/node_modules/next/dist/compiled/next-server/app-page.runtime.dev.js:35:265059)
    at e (/Users/bohdanleontovich/Documents/GitHub/protez/node_modules/next/dist/compiled/next-server/app-page.runtime.dev.js:35:269321)
    at eL (/Users/bohdanleontovich/Documents/GitHub/protez/node_modules/next/dist/compiled/next-server/app-page.runtime.dev.js:35:269809)
    at /Users/bohdanleontovich/Documents/GitHub/protez/node_modules/next/dist/compiled/next-server/app-page.runtime.dev.js:35:267040
    at Array.toJSON (/Users/bohdanleontovich/Documents/GitHub/protez/node_modules/next/dist/compiled/next-server/app-page.runtime.dev.js:35:267504)
    at stringify (<anonymous>)
    at eJ (/Users/bohdanleontovich/Documents/GitHub/protez/node_modules/next/dist/compiled/next-server/app-page.runtime.dev.js:35:275872)
    at eV (/Users/bohdanleontovich/Documents/GitHub/protez/node_modules/next/dist/compiled/next-server/app-page.runtime.dev.js:35:276390)
    at Timeout._onTimeout (/Users/bohdanleontovich/Documents/GitHub/protez/node_modules/next/dist/compiled/next-server/app-page.runtime.dev.js:35:266177)
    at listOnTimeout (node:internal/timers:585:17)
    at process.processTimers (node:internal/timers:521:7)
[    1590ms] Error: (0 , _contexts_LanguageContext__WEBPACK_IMPORTED_MODULE_3__.useLanguage) is not a function
    at eval (webpack-internal:///(rsc)/./src/sections/_shared/Footer/index.tsx:62:92)
    at eC (/Users/bohdanleontovich/Documents/GitHub/protez/node_modules/next/dist/compiled/next-server/app-page.runtime.dev.js:35:265189)
    at e (/Users/bohdanleontovich/Documents/GitHub/protez/node_modules/next/dist/compiled/next-server/app-page.runtime.dev.js:35:269696)
    at eL (/Users/bohdanleontovich/Documents/GitHub/protez/node_modules/next/dist/compiled/next-server/app-page.runtime.dev.js:35:269809)
    at eJ (/Users/bohdanleontovich/Documents/GitHub/protez/node_modules/next/dist/compiled/next-server/app-page.runtime.dev.js:35:275773)
    at eR (/Users/bohdanleontovich/Documents/GitHub/protez/node_modules/next/dist/compiled/next-server/app-page.runtime.dev.js:35:266017)
    at eC (/Users/bohdanleontovich/Documents/GitHub/protez/node_modules/next/dist/compiled/next-server/app-page.runtime.dev.js:35:265059)
    at e (/Users/bohdanleontovich/Documents/GitHub/protez/node_modules/next/dist/compiled/next-server/app-page.runtime.dev.js:35:269696)
    at eL (/Users/bohdanleontovich/Documents/GitHub/protez/node_modules/next/dist/compiled/next-server/app-page.runtime.dev.js:35:269809)
    at /Users/bohdanleontovich/Documents/GitHub/protez/node_modules/next/dist/compiled/next-server/app-page.runtime.dev.js:35:267040
    at Array.toJSON (/Users/bohdanleontovich/Documents/GitHub/protez/node_modules/next/dist/compiled/next-server/app-page.runtime.dev.js:35:267504)
    at stringify (<anonymous>)
    at eJ (/Users/bohdanleontovich/Documents/GitHub/protez/node_modules/next/dist/compiled/next-server/app-page.runtime.dev.js:35:275872)
    at eR (/Users/bohdanleontovich/Documents/GitHub/protez/node_modules/next/dist/compiled/next-server/app-page.runtime.dev.js:35:266017)
    at eC (/Users/bohdanleontovich/Documents/GitHub/protez/node_modules/next/dist/compiled/next-server/app-page.runtime.dev.js:35:265059)
    at e (/Users/bohdanleontovich/Documents/GitHub/protez/node_modules/next/dist/compiled/next-server/app-page.runtime.dev.js:35:269321)
    at eL (/Users/bohdanleontovich/Documents/GitHub/protez/node_modules/next/dist/compiled/next-server/app-page.runtime.dev.js:35:269809)
    at /Users/bohdanleontovich/Documents/GitHub/protez/node_modules/next/dist/compiled/next-server/app-page.runtime.dev.js:35:267040
    at Array.toJSON (/Users/bohdanleontovich/Documents/GitHub/protez/node_modules/next/dist/compiled/next-server/app-page.runtime.dev.js:35:267504)
    at stringify (<anonymous>)
    at eJ (/Users/bohdanleontovich/Documents/GitHub/protez/node_modules/next/dist/compiled/next-server/app-page.runtime.dev.js:35:275872)
    at eV (/Users/bohdanleontovich/Documents/GitHub/protez/node_modules/next/dist/compiled/next-server/app-page.runtime.dev.js:35:276390)
    at Timeout._onTimeout (/Users/bohdanleontovich/Documents/GitHub/protez/node_modules/next/dist/compiled/next-server/app-page.runtime.dev.js:35:266177)
    at listOnTimeout (node:internal/timers:585:17)
    at process.processTimers (node:internal/timers:521:7)
[    1590ms] Error: (0 , _contexts_LanguageContext__WEBPACK_IMPORTED_MODULE_3__.useLanguage) is not a function
    at eval (webpack-internal:///(rsc)/./src/sections/_shared/Footer/index.tsx:62:92)
    at eC (/Users/bohdanleontovich/Documents/GitHub/protez/node_modules/next/dist/compiled/next-server/app-page.runtime.dev.js:35:265189)
    at e (/Users/bohdanleontovich/Documents/GitHub/protez/node_modules/next/dist/compiled/next-server/app-page.runtime.dev.js:35:269696)
    at eL (/Users/bohdanleontovich/Documents/GitHub/protez/node_modules/next/dist/compiled/next-server/app-page.runtime.dev.js:35:269809)
    at eJ (/Users/bohdanleontovich/Documents/GitHub/protez/node_modules/next/dist/compiled/next-server/app-page.runtime.dev.js:35:275773)
    at eR (/Users/bohdanleontovich/Documents/GitHub/protez/node_modules/next/dist/compiled/next-server/app-page.runtime.dev.js:35:266017)
    at eC (/Users/bohdanleontovich/Documents/GitHub/protez/node_modules/next/dist/compiled/next-server/app-page.runtime.dev.js:35:265059)
    at e (/Users/bohdanleontovich/Documents/GitHub/protez/node_modules/next/dist/compiled/next-server/app-page.runtime.dev.js:35:269696)
    at eL (/Users/bohdanleontovich/Documents/GitHub/protez/node_modules/next/dist/compiled/next-server/app-page.runtime.dev.js:35:269809)
    at /Users/bohdanleontovich/Documents/GitHub/protez/node_modules/next/dist/compiled/next-server/app-page.runtime.dev.js:35:267040
    at Array.toJSON (/Users/bohdanleontovich/Documents/GitHub/protez/node_modules/next/dist/compiled/next-server/app-page.runtime.dev.js:35:267504)
    at stringify (<anonymous>)
    at eJ (/Users/bohdanleontovich/Documents/GitHub/protez/node_modules/next/dist/compiled/next-server/app-page.runtime.dev.js:35:275872)
    at eR (/Users/bohdanleontovich/Documents/GitHub/protez/node_modules/next/dist/compiled/next-server/app-page.runtime.dev.js:35:266017)
    at eC (/Users/bohdanleontovich/Documents/GitHub/protez/node_modules/next/dist/compiled/next-server/app-page.runtime.dev.js:35:265059)
    at e (/Users/bohdanleontovich/Documents/GitHub/protez/node_modules/next/dist/compiled/next-server/app-page.runtime.dev.js:35:269321)
    at eL (/Users/bohdanleontovich/Documents/GitHub/protez/node_modules/next/dist/compiled/next-server/app-page.runtime.dev.js:35:269809)
    at /Users/bohdanleontovich/Documents/GitHub/protez/node_modules/next/dist/compiled/next-server/app-page.runtime.dev.js:35:267040
    at Array.toJSON (/Users/bohdanleontovich/Documents/GitHub/protez/node_modules/next/dist/compiled/next-server/app-page.runtime.dev.js:35:267504)
    at stringify (<anonymous>)
    at eJ (/Users/bohdanleontovich/Documents/GitHub/protez/node_modules/next/dist/compiled/next-server/app-page.runtime.dev.js:35:275872)
    at eV (/Users/bohdanleontovich/Documents/GitHub/protez/node_modules/next/dist/compiled/next-server/app-page.runtime.dev.js:35:276390)
    at Timeout._onTimeout (/Users/bohdanleontovich/Documents/GitHub/protez/node_modules/next/dist/compiled/next-server/app-page.runtime.dev.js:35:266177)
    at listOnTimeout (node:internal/timers:585:17)
    at process.processTimers (node:internal/timers:521:7)
[    1590ms] Error: (0 , _contexts_LanguageContext__WEBPACK_IMPORTED_MODULE_3__.useLanguage) is not a function
    at eval (webpack-internal:///(rsc)/./src/sections/_shared/Footer/index.tsx:62:92)
    at eC (/Users/bohdanleontovich/Documents/GitHub/protez/node_modules/next/dist/compiled/next-server/app-page.runtime.dev.js:35:265189)
    at e (/Users/bohdanleontovich/Documents/GitHub/protez/node_modules/next/dist/compiled/next-server/app-page.runtime.dev.js:35:269696)
    at eL (/Users/bohdanleontovich/Documents/GitHub/protez/node_modules/next/dist/compiled/next-server/app-page.runtime.dev.js:35:269809)
    at eJ (/Users/bohdanleontovich/Documents/GitHub/protez/node_modules/next/dist/compiled/next-server/app-page.runtime.dev.js:35:275773)
    at eR (/Users/bohdanleontovich/Documents/GitHub/protez/node_modules/next/dist/compiled/next-server/app-page.runtime.dev.js:35:266017)
    at eC (/Users/bohdanleontovich/Documents/GitHub/protez/node_modules/next/dist/compiled/next-server/app-page.runtime.dev.js:35:265059)
    at e (/Users/bohdanleontovich/Documents/GitHub/protez/node_modules/next/dist/compiled/next-server/app-page.runtime.dev.js:35:269696)
    at eL (/Users/bohdanleontovich/Documents/GitHub/protez/node_modules/next/dist/compiled/next-server/app-page.runtime.dev.js:35:269809)
    at /Users/bohdanleontovich/Documents/GitHub/protez/node_modules/next/dist/compiled/next-server/app-page.runtime.dev.js:35:267040
    at Array.toJSON (/Users/bohdanleontovich/Documents/GitHub/protez/node_modules/next/dist/compiled/next-server/app-page.runtime.dev.js:35:267504)
    at stringify (<anonymous>)
    at eJ (/Users/bohdanleontovich/Documents/GitHub/protez/node_modules/next/dist/compiled/next-server/app-page.runtime.dev.js:35:275872)
    at eR (/Users/bohdanleontovich/Documents/GitHub/protez/node_modules/next/dist/compiled/next-server/app-page.runtime.dev.js:35:266017)
    at eC (/Users/bohdanleontovich/Documents/GitHub/protez/node_modules/next/dist/compiled/next-server/app-page.runtime.dev.js:35:265059)
    at e (/Users/bohdanleontovich/Documents/GitHub/protez/node_modules/next/dist/compiled/next-server/app-page.runtime.dev.js:35:269321)
    at eL (/Users/bohdanleontovich/Documents/GitHub/protez/node_modules/next/dist/compiled/next-server/app-page.runtime.dev.js:35:269809)
    at /Users/bohdanleontovich/Documents/GitHub/protez/node_modules/next/dist/compiled/next-server/app-page.runtime.dev.js:35:267040
    at Array.toJSON (/Users/bohdanleontovich/Documents/GitHub/protez/node_modules/next/dist/compiled/next-server/app-page.runtime.dev.js:35:267504)
    at stringify (<anonymous>)
    at eJ (/Users/bohdanleontovich/Documents/GitHub/protez/node_modules/next/dist/compiled/next-server/app-page.runtime.dev.js:35:275872)
    at eV (/Users/bohdanleontovich/Documents/GitHub/protez/node_modules/next/dist/compiled/next-server/app-page.runtime.dev.js:35:276390)
    at Timeout._onTimeout (/Users/bohdanleontovich/Documents/GitHub/protez/node_modules/next/dist/compiled/next-server/app-page.runtime.dev.js:35:266177)
    at listOnTimeout (node:internal/timers:585:17)
    at process.processTimers (node:internal/timers:521:7)
[    1593ms] Error: (0 , _contexts_LanguageContext__WEBPACK_IMPORTED_MODULE_3__.useLanguage) is not a function
    at eval (webpack-internal:///(rsc)/./src/sections/_shared/Footer/index.tsx:62:92)
    at eC (/Users/bohdanleontovich/Documents/GitHub/protez/node_modules/next/dist/compiled/next-server/app-page.runtime.dev.js:35:265189)
    at e (/Users/bohdanleontovich/Documents/GitHub/protez/node_modules/next/dist/compiled/next-server/app-page.runtime.dev.js:35:269696)
    at eL (/Users/bohdanleontovich/Documents/GitHub/protez/node_modules/next/dist/compiled/next-server/app-page.runtime.dev.js:35:269809)
    at eJ (/Users/bohdanleontovich/Documents/GitHub/protez/node_modules/next/dist/compiled/next-server/app-page.runtime.dev.js:35:275773)
    at eR (/Users/bohdanleontovich/Documents/GitHub/protez/node_modules/next/dist/compiled/next-server/app-page.runtime.dev.js:35:266017)
    at eC (/Users/bohdanleontovich/Documents/GitHub/protez/node_modules/next/dist/compiled/next-server/app-page.runtime.dev.js:35:265059)
    at e (/Users/bohdanleontovich/Documents/GitHub/protez/node_modules/next/dist/compiled/next-server/app-page.runtime.dev.js:35:269696)
    at eL (/Users/bohdanleontovich/Documents/GitHub/protez/node_modules/next/dist/compiled/next-server/app-page.runtime.dev.js:35:269809)
    at /Users/bohdanleontovich/Documents/GitHub/protez/node_modules/next/dist/compiled/next-server/app-page.runtime.dev.js:35:267040
    at Array.toJSON (/Users/bohdanleontovich/Documents/GitHub/protez/node_modules/next/dist/compiled/next-server/app-page.runtime.dev.js:35:267504)
    at stringify (<anonymous>)
    at eJ (/Users/bohdanleontovich/Documents/GitHub/protez/node_modules/next/dist/compiled/next-server/app-page.runtime.dev.js:35:275872)
    at eR (/Users/bohdanleontovich/Documents/GitHub/protez/node_modules/next/dist/compiled/next-server/app-page.runtime.dev.js:35:266017)
    at eC (/Users/bohdanleontovich/Documents/GitHub/protez/node_modules/next/dist/compiled/next-server/app-page.runtime.dev.js:35:265059)
    at e (/Users/bohdanleontovich/Documents/GitHub/protez/node_modules/next/dist/compiled/next-server/app-page.runtime.dev.js:35:269321)
    at eL (/Users/bohdanleontovich/Documents/GitHub/protez/node_modules/next/dist/compiled/next-server/app-page.runtime.dev.js:35:269809)
    at /Users/bohdanleontovich/Documents/GitHub/protez/node_modules/next/dist/compiled/next-server/app-page.runtime.dev.js:35:267040
    at Array.toJSON (/Users/bohdanleontovich/Documents/GitHub/protez/node_modules/next/dist/compiled/next-server/app-page.runtime.dev.js:35:267504)
    at stringify (<anonymous>)
    at eJ (/Users/bohdanleontovich/Documents/GitHub/protez/node_modules/next/dist/compiled/next-server/app-page.runtime.dev.js:35:275872)
    at eV (/Users/bohdanleontovich/Documents/GitHub/protez/node_modules/next/dist/compiled/next-server/app-page.runtime.dev.js:35:276390)
    at Timeout._onTimeout (/Users/bohdanleontovich/Documents/GitHub/protez/node_modules/next/dist/compiled/next-server/app-page.runtime.dev.js:35:266177)
    at listOnTimeout (node:internal/timers:585:17)
    at process.processTimers (node:internal/timers:521:7)
[    1593ms] Error: (0 , _contexts_LanguageContext__WEBPACK_IMPORTED_MODULE_3__.useLanguage) is not a function
    at eval (webpack-internal:///(rsc)/./src/sections/_shared/Footer/index.tsx:62:92)
    at eC (/Users/bohdanleontovich/Documents/GitHub/protez/node_modules/next/dist/compiled/next-server/app-page.runtime.dev.js:35:265189)
    at e (/Users/bohdanleontovich/Documents/GitHub/protez/node_modules/next/dist/compiled/next-server/app-page.runtime.dev.js:35:269696)
    at eL (/Users/bohdanleontovich/Documents/GitHub/protez/node_modules/next/dist/compiled/next-server/app-page.runtime.dev.js:35:269809)
    at eJ (/Users/bohdanleontovich/Documents/GitHub/protez/node_modules/next/dist/compiled/next-server/app-page.runtime.dev.js:35:275773)
    at eR (/Users/bohdanleontovich/Documents/GitHub/protez/node_modules/next/dist/compiled/next-server/app-page.runtime.dev.js:35:266017)
    at eC (/Users/bohdanleontovich/Documents/GitHub/protez/node_modules/next/dist/compiled/next-server/app-page.runtime.dev.js:35:265059)
    at e (/Users/bohdanleontovich/Documents/GitHub/protez/node_modules/next/dist/compiled/next-server/app-page.runtime.dev.js:35:269696)
    at eL (/Users/bohdanleontovich/Documents/GitHub/protez/node_modules/next/dist/compiled/next-server/app-page.runtime.dev.js:35:269809)
    at /Users/bohdanleontovich/Documents/GitHub/protez/node_modules/next/dist/compiled/next-server/app-page.runtime.dev.js:35:267040
    at Array.toJSON (/Users/bohdanleontovich/Documents/GitHub/protez/node_modules/next/dist/compiled/next-server/app-page.runtime.dev.js:35:267504)
    at stringify (<anonymous>)
    at eJ (/Users/bohdanleontovich/Documents/GitHub/protez/node_modules/next/dist/compiled/next-server/app-page.runtime.dev.js:35:275872)
    at eR (/Users/bohdanleontovich/Documents/GitHub/protez/node_modules/next/dist/compiled/next-server/app-page.runtime.dev.js:35:266017)
    at eC (/Users/bohdanleontovich/Documents/GitHub/protez/node_modules/next/dist/compiled/next-server/app-page.runtime.dev.js:35:265059)
    at e (/Users/bohdanleontovich/Documents/GitHub/protez/node_modules/next/dist/compiled/next-server/app-page.runtime.dev.js:35:269321)
    at eL (/Users/bohdanleontovich/Documents/GitHub/protez/node_modules/next/dist/compiled/next-server/app-page.runtime.dev.js:35:269809)
    at /Users/bohdanleontovich/Documents/GitHub/protez/node_modules/next/dist/compiled/next-server/app-page.runtime.dev.js:35:267040
    at Array.toJSON (/Users/bohdanleontovich/Documents/GitHub/protez/node_modules/next/dist/compiled/next-server/app-page.runtime.dev.js:35:267504)
    at stringify (<anonymous>)
    at eJ (/Users/bohdanleontovich/Documents/GitHub/protez/node_modules/next/dist/compiled/next-server/app-page.runtime.dev.js:35:275872)
    at eV (/Users/bohdanleontovich/Documents/GitHub/protez/node_modules/next/dist/compiled/next-server/app-page.runtime.dev.js:35:276390)
    at Timeout._onTimeout (/Users/bohdanleontovich/Documents/GitHub/protez/node_modules/next/dist/compiled/next-server/app-page.runtime.dev.js:35:266177)
    at listOnTimeout (node:internal/timers:585:17)
    at process.processTimers (node:internal/timers:521:7)
[    1593ms] Error: (0 , _contexts_LanguageContext__WEBPACK_IMPORTED_MODULE_3__.useLanguage) is not a function
    at eval (webpack-internal:///(rsc)/./src/sections/_shared/Footer/index.tsx:62:92)
    at eC (/Users/bohdanleontovich/Documents/GitHub/protez/node_modules/next/dist/compiled/next-server/app-page.runtime.dev.js:35:265189)
    at e (/Users/bohdanleontovich/Documents/GitHub/protez/node_modules/next/dist/compiled/next-server/app-page.runtime.dev.js:35:269696)
    at eL (/Users/bohdanleontovich/Documents/GitHub/protez/node_modules/next/dist/compiled/next-server/app-page.runtime.dev.js:35:269809)
    at eJ (/Users/bohdanleontovich/Documents/GitHub/protez/node_modules/next/dist/compiled/next-server/app-page.runtime.dev.js:35:275773)
    at eR (/Users/bohdanleontovich/Documents/GitHub/protez/node_modules/next/dist/compiled/next-server/app-page.runtime.dev.js:35:266017)
    at eC (/Users/bohdanleontovich/Documents/GitHub/protez/node_modules/next/dist/compiled/next-server/app-page.runtime.dev.js:35:265059)
    at e (/Users/bohdanleontovich/Documents/GitHub/protez/node_modules/next/dist/compiled/next-server/app-page.runtime.dev.js:35:269696)
    at eL (/Users/bohdanleontovich/Documents/GitHub/protez/node_modules/next/dist/compiled/next-server/app-page.runtime.dev.js:35:269809)
    at /Users/bohdanleontovich/Documents/GitHub/protez/node_modules/next/dist/compiled/next-server/app-page.runtime.dev.js:35:267040
    at Array.toJSON (/Users/bohdanleontovich/Documents/GitHub/protez/node_modules/next/dist/compiled/next-server/app-page.runtime.dev.js:35:267504)
    at stringify (<anonymous>)
    at eJ (/Users/bohdanleontovich/Documents/GitHub/protez/node_modules/next/dist/compiled/next-server/app-page.runtime.dev.js:35:275872)
    at eR (/Users/bohdanleontovich/Documents/GitHub/protez/node_modules/next/dist/compiled/next-server/app-page.runtime.dev.js:35:266017)
    at eC (/Users/bohdanleontovich/Documents/GitHub/protez/node_modules/next/dist/compiled/next-server/app-page.runtime.dev.js:35:265059)
    at e (/Users/bohdanleontovich/Documents/GitHub/protez/node_modules/next/dist/compiled/next-server/app-page.runtime.dev.js:35:269321)
    at eL (/Users/bohdanleontovich/Documents/GitHub/protez/node_modules/next/dist/compiled/next-server/app-page.runtime.dev.js:35:269809)
    at /Users/bohdanleontovich/Documents/GitHub/protez/node_modules/next/dist/compiled/next-server/app-page.runtime.dev.js:35:267040
    at Array.toJSON (/Users/bohdanleontovich/Documents/GitHub/protez/node_modules/next/dist/compiled/next-server/app-page.runtime.dev.js:35:267504)
    at stringify (<anonymous>)
    at eJ (/Users/bohdanleontovich/Documents/GitHub/protez/node_modules/next/dist/compiled/next-server/app-page.runtime.dev.js:35:275872)
    at eV (/Users/bohdanleontovich/Documents/GitHub/protez/node_modules/next/dist/compiled/next-server/app-page.runtime.dev.js:35:276390)
    at Timeout._onTimeout (/Users/bohdanleontovich/Documents/GitHub/protez/node_modules/next/dist/compiled/next-server/app-page.runtime.dev.js:35:266177)
    at listOnTimeout (node:internal/timers:585:17)
    at process.processTimers (node:internal/timers:521:7)
[    1593ms] Error: (0 , _contexts_LanguageContext__WEBPACK_IMPORTED_MODULE_3__.useLanguage) is not a function
    at eval (webpack-internal:///(rsc)/./src/sections/_shared/Footer/index.tsx:62:92)
    at eC (/Users/bohdanleontovich/Documents/GitHub/protez/node_modules/next/dist/compiled/next-server/app-page.runtime.dev.js:35:265189)
    at e (/Users/bohdanleontovich/Documents/GitHub/protez/node_modules/next/dist/compiled/next-server/app-page.runtime.dev.js:35:269696)
    at eL (/Users/bohdanleontovich/Documents/GitHub/protez/node_modules/next/dist/compiled/next-server/app-page.runtime.dev.js:35:269809)
    at eJ (/Users/bohdanleontovich/Documents/GitHub/protez/node_modules/next/dist/compiled/next-server/app-page.runtime.dev.js:35:275773)
    at eR (/Users/bohdanleontovich/Documents/GitHub/protez/node_modules/next/dist/compiled/next-server/app-page.runtime.dev.js:35:266017)
    at eC (/Users/bohdanleontovich/Documents/GitHub/protez/node_modules/next/dist/compiled/next-server/app-page.runtime.dev.js:35:265059)
    at e (/Users/bohdanleontovich/Documents/GitHub/protez/node_modules/next/dist/compiled/next-server/app-page.runtime.dev.js:35:269696)
    at eL (/Users/bohdanleontovich/Documents/GitHub/protez/node_modules/next/dist/compiled/next-server/app-page.runtime.dev.js:35:269809)
    at /Users/bohdanleontovich/Documents/GitHub/protez/node_modules/next/dist/compiled/next-server/app-page.runtime.dev.js:35:267040
    at Array.toJSON (/Users/bohdanleontovich/Documents/GitHub/protez/node_modules/next/dist/compiled/next-server/app-page.runtime.dev.js:35:267504)
    at stringify (<anonymous>)
    at eJ (/Users/bohdanleontovich/Documents/GitHub/protez/node_modules/next/dist/compiled/next-server/app-page.runtime.dev.js:35:275872)
    at eR (/Users/bohdanleontovich/Documents/GitHub/protez/node_modules/next/dist/compiled/next-server/app-page.runtime.dev.js:35:266017)
    at eC (/Users/bohdanleontovich/Documents/GitHub/protez/node_modules/next/dist/compiled/next-server/app-page.runtime.dev.js:35:265059)
    at e (/Users/bohdanleontovich/Documents/GitHub/protez/node_modules/next/dist/compiled/next-server/app-page.runtime.dev.js:35:269321)
    at eL (/Users/bohdanleontovich/Documents/GitHub/protez/node_modules/next/dist/compiled/next-server/app-page.runtime.dev.js:35:269809)
    at /Users/bohdanleontovich/Documents/GitHub/protez/node_modules/next/dist/compiled/next-server/app-page.runtime.dev.js:35:267040
    at Array.toJSON (/Users/bohdanleontovich/Documents/GitHub/protez/node_modules/next/dist/compiled/next-server/app-page.runtime.dev.js:35:267504)
    at stringify (<anonymous>)
    at eJ (/Users/bohdanleontovich/Documents/GitHub/protez/node_modules/next/dist/compiled/next-server/app-page.runtime.dev.js:35:275872)
    at eV (/Users/bohdanleontovich/Documents/GitHub/protez/node_modules/next/dist/compiled/next-server/app-page.runtime.dev.js:35:276390)
    at Timeout._onTimeout (/Users/bohdanleontovich/Documents/GitHub/protez/node_modules/next/dist/compiled/next-server/app-page.runtime.dev.js:35:266177)
    at listOnTimeout (node:internal/timers:585:17)
    at process.processTimers (node:internal/timers:521:7)
[    1593ms] Error: (0 , _contexts_LanguageContext__WEBPACK_IMPORTED_MODULE_3__.useLanguage) is not a function
    at eval (webpack-internal:///(rsc)/./src/sections/_shared/Footer/index.tsx:62:92)
    at eC (/Users/bohdanleontovich/Documents/GitHub/protez/node_modules/next/dist/compiled/next-server/app-page.runtime.dev.js:35:265189)
    at e (/Users/bohdanleontovich/Documents/GitHub/protez/node_modules/next/dist/compiled/next-server/app-page.runtime.dev.js:35:269696)
    at eL (/Users/bohdanleontovich/Documents/GitHub/protez/node_modules/next/dist/compiled/next-server/app-page.runtime.dev.js:35:269809)
    at eJ (/Users/bohdanleontovich/Documents/GitHub/protez/node_modules/next/dist/compiled/next-server/app-page.runtime.dev.js:35:275773)
    at eR (/Users/bohdanleontovich/Documents/GitHub/protez/node_modules/next/dist/compiled/next-server/app-page.runtime.dev.js:35:266017)
    at eC (/Users/bohdanleontovich/Documents/GitHub/protez/node_modules/next/dist/compiled/next-server/app-page.runtime.dev.js:35:265059)
    at e (/Users/bohdanleontovich/Documents/GitHub/protez/node_modules/next/dist/compiled/next-server/app-page.runtime.dev.js:35:269696)
    at eL (/Users/bohdanleontovich/Documents/GitHub/protez/node_modules/next/dist/compiled/next-server/app-page.runtime.dev.js:35:269809)
    at /Users/bohdanleontovich/Documents/GitHub/protez/node_modules/next/dist/compiled/next-server/app-page.runtime.dev.js:35:267040
    at Array.toJSON (/Users/bohdanleontovich/Documents/GitHub/protez/node_modules/next/dist/compiled/next-server/app-page.runtime.dev.js:35:267504)
    at stringify (<anonymous>)
    at eJ (/Users/bohdanleontovich/Documents/GitHub/protez/node_modules/next/dist/compiled/next-server/app-page.runtime.dev.js:35:275872)
    at eR (/Users/bohdanleontovich/Documents/GitHub/protez/node_modules/next/dist/compiled/next-server/app-page.runtime.dev.js:35:266017)
    at eC (/Users/bohdanleontovich/Documents/GitHub/protez/node_modules/next/dist/compiled/next-server/app-page.runtime.dev.js:35:265059)
    at e (/Users/bohdanleontovich/Documents/GitHub/protez/node_modules/next/dist/compiled/next-server/app-page.runtime.dev.js:35:269321)
    at eL (/Users/bohdanleontovich/Documents/GitHub/protez/node_modules/next/dist/compiled/next-server/app-page.runtime.dev.js:35:269809)
    at /Users/bohdanleontovich/Documents/GitHub/protez/node_modules/next/dist/compiled/next-server/app-page.runtime.dev.js:35:267040
    at Array.toJSON (/Users/bohdanleontovich/Documents/GitHub/protez/node_modules/next/dist/compiled/next-server/app-page.runtime.dev.js:35:267504)
    at stringify (<anonymous>)
    at eJ (/Users/bohdanleontovich/Documents/GitHub/protez/node_modules/next/dist/compiled/next-server/app-page.runtime.dev.js:35:275872)
    at eV (/Users/bohdanleontovich/Documents/GitHub/protez/node_modules/next/dist/compiled/next-server/app-page.runtime.dev.js:35:276390)
    at Timeout._onTimeout (/Users/bohdanleontovich/Documents/GitHub/protez/node_modules/next/dist/compiled/next-server/app-page.runtime.dev.js:35:266177)
    at listOnTimeout (node:internal/timers:585:17)
    at process.processTimers (node:internal/timers:521:7)
[    1593ms] Error: (0 , _contexts_LanguageContext__WEBPACK_IMPORTED_MODULE_3__.useLanguage) is not a function
    at eval (webpack-internal:///(rsc)/./src/sections/_shared/Footer/index.tsx:62:92)
    at eC (/Users/bohdanleontovich/Documents/GitHub/protez/node_modules/next/dist/compiled/next-server/app-page.runtime.dev.js:35:265189)
    at e (/Users/bohdanleontovich/Documents/GitHub/protez/node_modules/next/dist/compiled/next-server/app-page.runtime.dev.js:35:269696)
    at eL (/Users/bohdanleontovich/Documents/GitHub/protez/node_modules/next/dist/compiled/next-server/app-page.runtime.dev.js:35:269809)
    at eJ (/Users/bohdanleontovich/Documents/GitHub/protez/node_modules/next/dist/compiled/next-server/app-page.runtime.dev.js:35:275773)
    at eR (/Users/bohdanleontovich/Documents/GitHub/protez/node_modules/next/dist/compiled/next-server/app-page.runtime.dev.js:35:266017)
    at eC (/Users/bohdanleontovich/Documents/GitHub/protez/node_modules/next/dist/compiled/next-server/app-page.runtime.dev.js:35:265059)
    at e (/Users/bohdanleontovich/Documents/GitHub/protez/node_modules/next/dist/compiled/next-server/app-page.runtime.dev.js:35:269696)
    at eL (/Users/bohdanleontovich/Documents/GitHub/protez/node_modules/next/dist/compiled/next-server/app-page.runtime.dev.js:35:269809)
    at /Users/bohdanleontovich/Documents/GitHub/protez/node_modules/next/dist/compiled/next-server/app-page.runtime.dev.js:35:267040
    at Array.toJSON (/Users/bohdanleontovich/Documents/GitHub/protez/node_modules/next/dist/compiled/next-server/app-page.runtime.dev.js:35:267504)
    at stringify (<anonymous>)
    at eJ (/Users/bohdanleontovich/Documents/GitHub/protez/node_modules/next/dist/compiled/next-server/app-page.runtime.dev.js:35:275872)
    at eR (/Users/bohdanleontovich/Documents/GitHub/protez/node_modules/next/dist/compiled/next-server/app-page.runtime.dev.js:35:266017)
    at eC (/Users/bohdanleontovich/Documents/GitHub/protez/node_modules/next/dist/compiled/next-server/app-page.runtime.dev.js:35:265059)
    at e (/Users/bohdanleontovich/Documents/GitHub/protez/node_modules/next/dist/compiled/next-server/app-page.runtime.dev.js:35:269321)
    at eL (/Users/bohdanleontovich/Documents/GitHub/protez/node_modules/next/dist/compiled/next-server/app-page.runtime.dev.js:35:269809)
    at /Users/bohdanleontovich/Documents/GitHub/protez/node_modules/next/dist/compiled/next-server/app-page.runtime.dev.js:35:267040
    at Array.toJSON (/Users/bohdanleontovich/Documents/GitHub/protez/node_modules/next/dist/compiled/next-server/app-page.runtime.dev.js:35:267504)
    at stringify (<anonymous>)
    at eJ (/Users/bohdanleontovich/Documents/GitHub/protez/node_modules/next/dist/compiled/next-server/app-page.runtime.dev.js:35:275872)
    at eV (/Users/bohdanleontovich/Documents/GitHub/protez/node_modules/next/dist/compiled/next-server/app-page.runtime.dev.js:35:276390)
    at Timeout._onTimeout (/Users/bohdanleontovich/Documents/GitHub/protez/node_modules/next/dist/compiled/next-server/app-page.runtime.dev.js:35:266177)
    at listOnTimeout (node:internal/timers:585:17)
    at process.processTimers (node:internal/timers:521:7)
[    1596ms] [ERROR] The above error occurred in the <NotFoundErrorBoundary> component:

    at ArtemSvergun (Server)
    at ArtemSvergunPage (Server)
    at InnerLayoutRouter (webpack-internal:///(app-pages-browser)/./node_modules/next/dist/client/components/layout-router.js:243:11)
    at RedirectErrorBoundary (webpack-internal:///(app-pages-browser)/./node_modules/next/dist/client/components/redirect-boundary.js:74:9)
    at RedirectBoundary (webpack-internal:///(app-pages-browser)/./node_modules/next/dist/client/components/redirect-boundary.js:82:11)
    at NotFoundBoundary (webpack-internal:///(app-pages-browser)/./node_modules/next/dist/client/components/not-found-boundary.js:84:11)
    at LoadingBoundary (webpack-internal:///(app-pages-browser)/./node_modules/next/dist/client/components/layout-router.js:349:11)
    at ErrorBoundary (webpack-internal:///(app-pages-browser)/./node_modules/next/dist/client/components/error-boundary.js:160:11)
    at InnerScrollAndFocusHandler (webpack-internal:///(app-pages-browser)/./node_modules/next/dist/client/components/layout-router.js:153:9)
    at ScrollAndFocusHandler (webpack-internal:///(app-pages-browser)/./node_modules/next/dist/client/components/layout-router.js:228:11)
    at RenderFromTemplateContext (webpack-internal:///(app-pages-browser)/./node_modules/next/dist/client/components/render-from-template-context.js:16:44)
    at OuterLayoutRouter (webpack-internal:///(app-pages-browser)/./node_modules/next/dist/client/components/layout-router.js:370:11)
    at InnerLayoutRouter (webpack-internal:///(app-pages-browser)/./node_modules/next/dist/client/components/layout-router.js:243:11)
    at RedirectErrorBoundary (webpack-internal:///(app-pages-browser)/./node_modules/next/dist/client/components/redirect-boundary.js:74:9)
    at RedirectBoundary (webpack-internal:///(app-pages-browser)/./node_modules/next/dist/client/components/redirect-boundary.js:82:11)
    at NotFoundErrorBoundary (webpack-internal:///(app-pages-browser)/./node_modules/next/dist/client/components/not-found-boundary.js:76:9)
    at NotFoundBoundary (webpack-internal:///(app-pages-browser)/./node_modules/next/dist/client/components/not-found-boundary.js:84:11)
    at LoadingBoundary (webpack-internal:///(app-pages-browser)/./node_modules/next/dist/client/components/layout-router.js:349:11)
    at ErrorBoundary (webpack-internal:///(app-pages-browser)/./node_modules/next/dist/client/components/error-boundary.js:160:11)
    at InnerScrollAndFocusHandler (webpack-internal:///(app-pages-browser)/./node_modules/next/dist/client/components/layout-router.js:153:9)
    at ScrollAndFocusHandler (webpack-internal:///(app-pages-browser)/./node_modules/next/dist/client/components/layout-router.js:228:11)
    at RenderFromTemplateContext (webpack-internal:///(app-pages-browser)/./node_modules/next/dist/client/components/render-from-template-context.js:16:44)
    at OuterLayoutRouter (webpack-internal:///(app-pages-browser)/./node_modules/next/dist/client/components/layout-router.js:370:11)
    at body
    at html
    at LanguageContextProvider (webpack-internal:///(app-pages-browser)/./src/contexts/LanguageContext.tsx:16:11)
    at RootLayout (Server)
    at RootLayout (Server)
    at RedirectErrorBoundary (webpack-internal:///(app-pages-browser)/./node_modules/next/dist/client/components/redirect-boundary.js:74:9)
    at RedirectBoundary (webpack-internal:///(app-pages-browser)/./node_modules/next/dist/client/components/redirect-boundary.js:82:11)
    at NotFoundErrorBoundary (webpack-internal:///(app-pages-browser)/./node_modules/next/dist/client/components/not-found-boundary.js:76:9)
    at NotFoundBoundary (webpack-internal:///(app-pages-browser)/./node_modules/next/dist/client/components/not-found-boundary.js:84:11)
    at DevRootNotFoundBoundary (webpack-internal:///(app-pages-browser)/./node_modules/next/dist/client/components/dev-root-not-found-boundary.js:33:11)
    at ReactDevOverlay (webpack-internal:///(app-pages-browser)/./node_modules/next/dist/client/components/react-dev-overlay/app/ReactDevOverlay.js:87:9)
    at HotReload (webpack-internal:///(app-pages-browser)/./node_modules/next/dist/client/components/react-dev-overlay/app/hot-reloader-client.js:321:11)
    at Router (webpack-internal:///(app-pages-browser)/./node_modules/next/dist/client/components/app-router.js:207:11)
    at ErrorBoundaryHandler (webpack-internal:///(app-pages-browser)/./node_modules/next/dist/client/components/error-boundary.js:113:9)
    at ErrorBoundary (webpack-internal:///(app-pages-browser)/./node_modules/next/dist/client/components/error-boundary.js:160:11)
    at AppRouter (webpack-internal:///(app-pages-browser)/./node_modules/next/dist/client/components/app-router.js:585:13)
    at ServerRoot (webpack-internal:///(app-pages-browser)/./node_modules/next/dist/client/app-index.js:112:27)
    at Root (webpack-internal:///(app-pages-browser)/./node_modules/next/dist/client/app-index.js:117:11)
    at ReactDevOverlay (webpack-internal:///(app-pages-browser)/./node_modules/next/dist/client/components/react-dev-overlay/app/ReactDevOverlay.js:87:9)

React will try to recreate this component tree from scratch using the error boundary you provided, ReactDevOverlay. @ webpack-internal:///(app-pages-browser)/./node_modules/next/dist/client/app-index.js:32
[    4615ms] [WARNING] The resource http://localhost:3000/_next/static/css/app/layout.css?v=1780314490202 was preloaded using link preload but not used within a few seconds from the window's load event. Please make sure it has an appropriate `as` value and it is preloaded intentionally. @ http://localhost:3000/ArtemSvergun:0
[    4615ms] [WARNING] The resource http://localhost:3000/_next/static/css/app/ArtemSvergun/page.css?v=1780314490202 was preloaded using link preload but not used within a few seconds from the window's load event. Please make sure it has an appropriate `as` value and it is preloaded intentionally. @ http://localhost:3000/ArtemSvergun:0
[   23608ms] [LOG] [Fast Refresh] rebuilding @ webpack-internal:///(app-pages-browser)/./node_modules/next/dist/client/components/react-dev-overlay/app/hot-reloader-client.js:186
[   23879ms] [WARNING] [Fast Refresh] performing full reload because your application had an unrecoverable error @ webpack-internal:///(app-pages-browser)/./node_modules/next/dist/client/components/react-dev-overlay/app/hot-reloader-client.js:114
[   24254ms] [INFO] %cDownload the React DevTools for a better development experience: https://reactjs.org/link/react-devtools font-weight:bold @ webpack-internal:///(app-pages-browser)/./node_modules/next/dist/compiled/react-dom/cjs/react-dom.development.js:38559
[   24313ms] [WARNING] [Meta Pixel] - Invalid PixelID: null. @ https://connect.facebook.net/en_US/fbevents.js:181
[   24313ms] [LOG] %c[Vercel Web Analytics]%c Debug mode is enabled by default in development. No requests will be sent to the server. color: rgb(120, 120, 120) color: inherit @ https://va.vercel-scripts.com/v1/script.debug.js:0
[   24313ms] [LOG] %c[Vercel Web Analytics]%c Running queued event color: rgb(120, 120, 120) color: inherit pageview {route: /ArtemSvergun, path: /ArtemSvergun} @ https://va.vercel-scripts.com/v1/script.debug.js:0
[   24313ms] [LOG] %c[Vercel Web Analytics]%c [view] http://localhost:3000/ArtemSvergun color: rgb(120, 120, 120) color: inherit {o: http://localhost:3000/ArtemSvergun, sv: 0.1.3, sdkn: @vercel/analytics/next, sdkv: 2.0.1, ts: 1780314513282} /_vercel/insights/view @ https://va.vercel-scripts.com/v1/script.debug.js:0
[   24313ms] [LOG] %c[Vercel Speed Insights]%c Debug mode is enabled by default in development. No requests will be sent to the server. color: rgb(120, 120, 120) color: inherit @ https://va.vercel-scripts.com/v1/speed-insights/script.debug.js:0
[   25880ms] [ERROR] ErrorUtils caught an error:

Cannot listen to an undefined element. [Caught in: Tried to listen to element of type click]

Subsequent non-fatal errors won't be logged; see https://fburl.com/debugjs. {column: 180, clientTime: 1780314514, extra: Object, guardList: Array(4), hash: fapa5v} @ https://static.xx.fbcdn.net/rsrc.php/v4/yh/r/fq57CSeGnNW.js:77
