[     224ms] [LOG] [Fast Refresh] rebuilding @ webpack-internal:///(app-pages-browser)/./node_modules/next/dist/client/components/react-dev-overlay/app/hot-reloader-client.js:186
[     637ms] [LOG] [Fast Refresh] done in 413ms @ webpack-internal:///(app-pages-browser)/./node_modules/next/dist/client/components/react-dev-overlay/app/hot-reloader-client.js:43
[     645ms] [LOG] %c[Vercel Speed Insights]%c [vitals] color: rgb(120, 120, 120) color: inherit {speed: 4g, metrics: Array(3), scriptVersion: 0.1.3, sdkName: @vercel/speed-insights/next, sdkVersion: 2.0.0} /_vercel/speed-insights/vitals @ https://va.vercel-scripts.com/v1/speed-insights/script.debug.js:0
[     647ms] [LOG] %c[Vercel Speed Insights]%c [vitals] color: rgb(120, 120, 120) color: inherit {speed: 4g, metrics: Array(1), scriptVersion: 0.1.3, sdkName: @vercel/speed-insights/next, sdkVersion: 2.0.0} /_vercel/speed-insights/vitals @ https://va.vercel-scripts.com/v1/speed-insights/script.debug.js:0
[     864ms] [INFO] %cDownload the React DevTools for a better development experience: https://reactjs.org/link/react-devtools font-weight:bold @ webpack-internal:///(app-pages-browser)/./node_modules/next/dist/compiled/react-dom/cjs/react-dom.development.js:38559
[     920ms] [WARNING] Image with src "/donatePage/zelle-qr.png" has either width or height modified, but not the other. If you use CSS to change the size of your image, also include the styles 'width: "auto"' or 'height: "auto"' to maintain the aspect ratio. @ webpack-internal:///(app-pages-browser)/./node_modules/next/dist/shared/lib/utils/warn-once.js:15
[     929ms] [WARNING] [Meta Pixel] - Invalid PixelID: null. @ https://connect.facebook.net/en_US/fbevents.js:181
[     929ms] [LOG] %c[Vercel Web Analytics]%c Debug mode is enabled by default in development. No requests will be sent to the server. color: rgb(120, 120, 120) color: inherit @ https://va.vercel-scripts.com/v1/script.debug.js:0
[     929ms] [LOG] %c[Vercel Web Analytics]%c Running queued event color: rgb(120, 120, 120) color: inherit pageview {route: /donate, path: /donate} @ https://va.vercel-scripts.com/v1/script.debug.js:0
[     929ms] [LOG] %c[Vercel Web Analytics]%c [view] http://localhost:3000/donate color: rgb(120, 120, 120) color: inherit {o: http://localhost:3000/donate, sv: 0.1.3, sdkn: @vercel/analytics/next, sdkv: 2.0.1, ts: 1780314428255} /_vercel/insights/view @ https://va.vercel-scripts.com/v1/script.debug.js:0
[     930ms] [LOG] %c[Vercel Speed Insights]%c Debug mode is enabled by default in development. No requests will be sent to the server. color: rgb(120, 120, 120) color: inherit @ https://va.vercel-scripts.com/v1/speed-insights/script.debug.js:0
[    1408ms] [WARNING] Error with Permissions-Policy header: Unrecognized feature: 'speaker-selection'. @ :0
[    1408ms] [WARNING] Error with Permissions-Policy header: Unrecognized feature: 'ambient-light-sensor'. @ :0
[    2494ms] [WARNING] Google Maps JavaScript API has been loaded directly without loading=async. This can result in suboptimal performance. For best-practice loading patterns please see https://goo.gle/js-api-loading @ https://maps.googleapis.com/maps/api/js?key=AIzaSyCHFWewggwQts_-Bc0fJr7uQUZEJs8pF1A&libraries=places&callback=geocoderCB:1590
[    2501ms] [WARNING] As of March 1st, 2025, google.maps.places.Autocomplete is not available to new customers. Please use google.maps.places.PlaceAutocompleteElement instead. At this time, google.maps.places.Autocomplete is not scheduled to be discontinued, but google.maps.places.PlaceAutocompleteElement is recommended over google.maps.places.Autocomplete. While google.maps.places.Autocomplete will continue to receive bug fixes for any major regressions, existing bugs in google.maps.places.Autocomplete will not be addressed. At least 12 months notice will be given before support is discontinued. Please see https://developers.google.com/maps/legacy for additional details and https://developers.google.com/maps/documentation/javascript/places-migration-overview for the migration guide. @ https://maps.googleapis.com/maps/api/js?key=AIzaSyCHFWewggwQts_-Bc0fJr7uQUZEJs8pF1A&libraries=places&callback=geocoderCB:653
[    3967ms] [ERROR] Permissions policy violation: payment is not allowed in this document. @ https://js.stripe.com/v3/fingerprinted/js/payment-request-inner-browser-e-2c34799a64e4e750a9cf34f6c6334836.js:0
[    3967ms] [ERROR] Permissions policy violation: payment is not allowed in this document. @ https://js.stripe.com/v3/fingerprinted/js/payment-request-inner-browser-e-2c34799a64e4e750a9cf34f6c6334836.js:0
[    4170ms] [ERROR] Permissions policy violation: payment is not allowed in this document. @ https://pay.google.com/gp/p/js/pay.js:592
[    4479ms] [ERROR] Permissions policy violation: payment is not allowed in this document. @ https://www.gstatic.com/_/mss/boq-payments-consumer/_/js/k=boq-payments-consumer.InstantbuyFrontendBuyflowPayframeUi.en_US.4TLdte3xr6Q.2018.O/ck=boq-payments-consumer.InstantbuyFrontendBuyflowPayframeUi.gma06eoOWcs.L.B1.O/am=AAAAAGAD/d=1/exm=_b,_tp/excm=_b,_tp,payframeview/ed=1/wt=2/ujg=1/rs=AMitfrjkU_6yKyZolrJYGl9wrBdRkAZt1Q/ee=EmZ2Bf:zr1jrb;JsbNhc:Xd8iUd;K5nYTd:ZDZcre;LBgRLc:XVMNvd;Me32dd:MEeYgc;NJ1rfe:yGfSdd;NPKaK:PVlQOd;NSEoX:lazG7b;Pjplud:EEDORb;QGR0gd:Mlhmy;SNUn3:ZwDk9d;ScI3Yc:e7Hzgb;Uvc8o:VDovNc;YIZmRd:A1yn5d;a56pNe:JEfCwb;cEt90b:ws9Tlc;dIoSBb:SpsfSb;dowIGb:ebZ3mb;eBAeSb:zbML3c;iFQyKf:vfuNJf;lOO0Vd:OTA3Ae;oGtAuc:sOXFj;qQEoOc:KUM7Z;qafBPd:yDVVkb;qddgKe:xQtZb;wR5FRb:siKnQd;yEQyxe:p8L0ob;yxTchf:KUM7Z/dti=1/m=uZmJdd:294
[    3967ms] [ERROR] Permissions policy violation: payment is not allowed in this document. @ https://js.stripe.com/v3/fingerprinted/js/payment-request-inner-browser-e-2c34799a64e4e750a9cf34f6c6334836.js:0
[    4170ms] [ERROR] Permissions policy violation: payment is not allowed in this document. @ https://pay.google.com/gp/p/js/pay.js:592
[    3967ms] [ERROR] Permissions policy violation: payment is not allowed in this document. @ https://js.stripe.com/v3/fingerprinted/js/payment-request-inner-browser-e-2c34799a64e4e750a9cf34f6c6334836.js:0
[    4170ms] [ERROR] Permissions policy violation: payment is not allowed in this document. @ https://pay.google.com/gp/p/js/pay.js:592
[    3967ms] [ERROR] Permissions policy violation: payment is not allowed in this document. @ https://js.stripe.com/v3/fingerprinted/js/payment-request-inner-browser-e-2c34799a64e4e750a9cf34f6c6334836.js:0
[    4170ms] [ERROR] Permissions policy violation: payment is not allowed in this document. @ https://pay.google.com/gp/p/js/pay.js:592
[    3967ms] [ERROR] Permissions policy violation: payment is not allowed in this document. @ https://js.stripe.com/v3/fingerprinted/js/payment-request-inner-browser-e-2c34799a64e4e750a9cf34f6c6334836.js:0
[    4170ms] [ERROR] Permissions policy violation: payment is not allowed in this document. @ https://pay.google.com/gp/p/js/pay.js:592
[    3967ms] [ERROR] Permissions policy violation: payment is not allowed in this document. @ https://js.stripe.com/v3/fingerprinted/js/payment-request-inner-browser-e-2c34799a64e4e750a9cf34f6c6334836.js:0
[    4170ms] [ERROR] Permissions policy violation: payment is not allowed in this document. @ https://pay.google.com/gp/p/js/pay.js:592
[    3967ms] [ERROR] Permissions policy violation: payment is not allowed in this document. @ https://js.stripe.com/v3/fingerprinted/js/payment-request-inner-browser-e-2c34799a64e4e750a9cf34f6c6334836.js:0
[    4170ms] [ERROR] Permissions policy violation: payment is not allowed in this document. @ https://pay.google.com/gp/p/js/pay.js:592
[    3967ms] [ERROR] Permissions policy violation: payment is not allowed in this document. @ https://js.stripe.com/v3/fingerprinted/js/payment-request-inner-browser-e-2c34799a64e4e750a9cf34f6c6334836.js:0
[    4170ms] [ERROR] Permissions policy violation: payment is not allowed in this document. @ https://pay.google.com/gp/p/js/pay.js:592
[   13197ms] [WARNING] The resource https://www.paypal.com/sdk/js?client-id=AUzIp9-lJOX-S2n6uFsYyIwoEBXDo2fkqWRbMjz3XXWJlnJjh3pRvC0pV7q1j5GQupQw6iiijiqz9H2N&components=buttons%2Cfunding-eligibility%2Ccard-fields&disable-funding=credit&enable-funding=venmo&merchant-id=LX5YB2FSRQFPA was preloaded using link preload but not used within a few seconds from the window's load event. Please make sure it has an appropriate `as` value and it is preloaded intentionally. @ https://donorbox.org/embed/website-donation-64:0
